// Jest Snapshot v1, https://goo.gl/fbAQLP

exports[`RecipeListContainer renders 1`] = `<RecipeListContainer />`;
